---
source: lyrics_helper_rs/tests/ttml_parser_integration_tests.rs
expression: generated_ttml_output
---
<tt xmlns="http://www.w3.org/ns/ttml"
    xmlns:itunes="http://music.apple.com/lyric-ttml-internal"
    xmlns:ttm="http://www.w3.org/ns/ttml#metadata"
    itunes:timing="Word">
  <head>
    <metadata>
      <ttm:agent type="person" xml:id="v1">
        <ttm:name type="full">主唱</ttm:name>
      </ttm:agent>
      <ttm:agent type="person" xml:id="v2">
        <ttm:name type="full">伴唱</ttm:name>
      </ttm:agent>
    </metadata>
  </head>
  <body dur="25.000">
    <div begin="10.000" end="25.000">
      <p begin="10.000" end="15.000" itunes:key="L1" ttm:agent="v1">
        <span begin="10.000" end="11.500">メイン</span>
        <span begin="11.500" end="12.500">ボーカル</span>
        <span ttm:role="x-translation" xml:lang="zh-Hans">主要声乐</span>
        <span ttm:role="x-roman" xml:lang="ja-Latn">mein bōkaru</span>
        <span ttm:role="x-bg" begin="13.000" end="14.500">
          <span begin="13.000" end="14.500">(背景)</span>
          <span ttm:role="x-translation" xml:lang="zh-Hans">(背景人声)</span>
          <span ttm:role="x-roman" xml:lang="ja-Latn">(haikei)</span>
        </span>
      </p>
      <p begin="20.000" end="25.000" itunes:key="L2" ttm:agent="v2">
        <span begin="20.000" end="21.500">セカンド</span>
        <span begin="21.500" end="22.500">パート</span>
        <span ttm:role="x-translation" xml:lang="zh-Hans">第二部分</span>
        <span ttm:role="x-roman" xml:lang="ja-Latn">sekando pāto</span>
        <span ttm:role="x-bg" begin="23.000" end="24.500">
          <span begin="23.000" end="24.500">(バック)</span>
          <span ttm:role="x-translation" xml:lang="zh-Hans">(和声)</span>
          <span ttm:role="x-roman" xml:lang="ja-Latn">(bakku)</span>
        </span>
      </p>
    </div>
  </body>
</tt>
